// Jest Snapshot v1, https://goo.gl/fbAQLP

exports[`renders homepage unchanged 1`] = `
<div>
  <div>
    <header>
      <h1>
        Presidents Data
      </h1>
      <hr />
    </header>
    <main>
      <div
        class="list-group"
        id="listOfPresidents"
      />
    </main>
  </div>
</div>
`;
